// Vitest Snapshot v1

exports[`examples of some things 1`] = `
<div>
  
    
  <label
    for="username"
  >
    Username
  </label>
  
    
  <input
    id="username"
  />
  
    
  <button>
    Print Username
  </button>
  
  
  <div>
    
        
    <div
      data-testid="printed-username"
    >
      Ada Lovelace
    </div>
    
      
  </div>
</div>
`;
